// Jest Snapshot v1, https://goo.gl/fbAQLP

exports[`Calculator Matches DOM Snapshot 1`] = `
<div
  className="mainContainer"
>
  <h2>
    Let's do some math !
  </h2>
  <table>
    <tbody
      className="container"
    >
      <tr
        className="row"
      >
        <td>
          <div
            className="input-text"
            data-testid="input-cal-text"
          >
            0
          </div>
        </td>
      </tr>
      <tr
        className="row"
      >
        <td>
          <input
            className="btn"
            onClick={[Function]}
            type="button"
            value="AC"
          />
        </td>
        <td>
          <input
            className="btn"
            onClick={[Function]}
            type="button"
            value="+/-"
          />
        </td>
        <td>
          <input
            className="btn"
            onClick={[Function]}
            type="button"
            value="%"
          />
        </td>
        <td>
          <input
            className="btn op"
            onClick={[Function]}
            type="button"
            value="÷"
          />
        </td>
      </tr>
      <tr
        className="row"
      >
        <td>
          <input
            className="btn"
            onClick={[Function]}
            type="button"
            value="7"
          />
        </td>
        <td>
          <input
            className="btn"
            onClick={[Function]}
            type="button"
            value="8"
          />
        </td>
        <td>
          <input
            className="btn"
            onClick={[Function]}
            type="button"
            value="9"
          />
        </td>
        <td>
          <input
            className="btn op"
            onClick={[Function]}
            type="button"
            value="x"
          />
        </td>
      </tr>
      <tr
        className="row"
      >
        <td>
          <input
            className="btn"
            onClick={[Function]}
            type="button"
            value="4"
          />
        </td>
        <td>
          <input
            className="btn"
            onClick={[Function]}
            type="button"
            value="5"
          />
        </td>
        <td>
          <input
            className="btn"
            onClick={[Function]}
            type="button"
            value="6"
          />
        </td>
        <td>
          <input
            className="btn op"
            onClick={[Function]}
            type="button"
            value="-"
          />
        </td>
      </tr>
      <tr
        className="row"
      >
        <td>
          <input
            className="btn"
            onClick={[Function]}
            type="button"
            value="1"
          />
        </td>
        <td>
          <input
            className="btn"
            onClick={[Function]}
            type="button"
            value="2"
          />
        </td>
        <td>
          <input
            className="btn"
            onClick={[Function]}
            type="button"
            value="3"
          />
        </td>
        <td>
          <input
            className="btn op"
            onClick={[Function]}
            type="button"
            value="+"
          />
        </td>
      </tr>
      <tr
        className="row"
      >
        <td
          className="zero"
        >
          <input
            className="btn"
            onClick={[Function]}
            type="button"
            value="0"
          />
        </td>
        <td>
          <input
            className="btn"
            onClick={[Function]}
            type="button"
            value="."
          />
        </td>
        <td>
          <input
            className="btn op"
            onClick={[Function]}
            type="button"
            value="="
          />
        </td>
      </tr>
    </tbody>
  </table>
</div>
`;
