// Jest Snapshot v1, https://goo.gl/fbAQLP

exports[`Calculator Builds the Calculator component safely 1`] = `
<div
  className="mainContainer"
>
  <h2>
    Let's do some math !
  </h2>
  <table>
    <tbody
      className="container"
    >
      <tr
        className="row"
      >
        <td>
          <div
            className="input-text"
            data-testid="input-cal-text"
          >
            0
          </div>
        </td>
      </tr>
      <tr
        className="row"
      >
        <td>
          <input
            className="btn"
            onClick={[Function]}
            type="button"
            value="AC"
          />
        </td>
        <td>
          <input
            className="btn"
            onClick={[Function]}
            type="button"
            value="+/-"
          />
        </td>
        <td>
          <input
            className="btn"
            onClick={[Function]}
            type="button"
            value="%"
          />
        </td>
        <td>
          <input
            className="btn op"
            onClick={[Function]}
            type="button"
            value="÷"
          />
        </td>
      </tr>
      <tr
        className="row"
      >
        <td>
          <input
            className="btn"
            onClick={[Function]}
            type="button"
            value="7"
          />
        </td>
        <td>
          <input
            className="btn"
            onClick={[Function]}
            type="button"
            value="8"
          />
        </td>
        <td>
          <input
            className="btn"
            onClick={[Function]}
            type="button"
            value="9"
          />
        </td>
        <td>
          <input
            className="btn op"
            onClick={[Function]}
            type="button"
            value="x"
          />
        </td>
      </tr>
      <tr
        className="row"
      >
        <td>
          <input
            className="btn"
            onClick={[Function]}
            type="button"
            value="4"
          />
        </td>
        <td>
          <input
            className="btn"
            onClick={[Function]}
            type="button"
            value="5"
          />
        </td>
        <td>
          <input
            className="btn"
            onClick={[Function]}
            type="button"
            value="6"
          />
        </td>
        <td>
          <input
            className="btn op"
            onClick={[Function]}
            type="button"
            value="-"
          />
        </td>
      </tr>
      <tr
        className="row"
      >
        <td>
          <input
            className="btn"
            onClick={[Function]}
            type="button"
            value="1"
          />
        </td>
        <td>
          <input
            className="btn"
            onClick={[Function]}
            type="button"
            value="2"
          />
        </td>
        <td>
          <input
            className="btn"
            onClick={[Function]}
            type="button"
            value="3"
          />
        </td>
        <td>
          <input
            className="btn op"
            onClick={[Function]}
            type="button"
            value="+"
          />
        </td>
      </tr>
      <tr
        className="row"
      >
        <td
          className="zero"
        >
          <input
            className="btn"
            onClick={[Function]}
            type="button"
            value="0"
          />
        </td>
        <td>
          <input
            className="btn"
            onClick={[Function]}
            type="button"
            value="."
          />
        </td>
        <td>
          <input
            className="btn op"
            onClick={[Function]}
            type="button"
            value="="
          />
        </td>
      </tr>
    </tbody>
  </table>
</div>
`;

exports[`Calculator Builds the snapchot of the Calculator component safely 1`] = `
<div
  className="mainContainer"
>
  <h2>
    Let's do some math !
  </h2>
  <table>
    <tbody
      className="container"
    >
      <tr
        className="row"
      >
        <td>
          <div
            className="input-text"
            data-testid="input-cal-text"
          >
            0
          </div>
        </td>
      </tr>
      <tr
        className="row"
      >
        <td>
          <input
            className="btn"
            onClick={[Function]}
            type="button"
            value="AC"
          />
        </td>
        <td>
          <input
            className="btn"
            onClick={[Function]}
            type="button"
            value="+/-"
          />
        </td>
        <td>
          <input
            className="btn"
            onClick={[Function]}
            type="button"
            value="%"
          />
        </td>
        <td>
          <input
            className="btn op"
            onClick={[Function]}
            type="button"
            value="÷"
          />
        </td>
      </tr>
      <tr
        className="row"
      >
        <td>
          <input
            className="btn"
            onClick={[Function]}
            type="button"
            value="7"
          />
        </td>
        <td>
          <input
            className="btn"
            onClick={[Function]}
            type="button"
            value="8"
          />
        </td>
        <td>
          <input
            className="btn"
            onClick={[Function]}
            type="button"
            value="9"
          />
        </td>
        <td>
          <input
            className="btn op"
            onClick={[Function]}
            type="button"
            value="x"
          />
        </td>
      </tr>
      <tr
        className="row"
      >
        <td>
          <input
            className="btn"
            onClick={[Function]}
            type="button"
            value="4"
          />
        </td>
        <td>
          <input
            className="btn"
            onClick={[Function]}
            type="button"
            value="5"
          />
        </td>
        <td>
          <input
            className="btn"
            onClick={[Function]}
            type="button"
            value="6"
          />
        </td>
        <td>
          <input
            className="btn op"
            onClick={[Function]}
            type="button"
            value="-"
          />
        </td>
      </tr>
      <tr
        className="row"
      >
        <td>
          <input
            className="btn"
            onClick={[Function]}
            type="button"
            value="1"
          />
        </td>
        <td>
          <input
            className="btn"
            onClick={[Function]}
            type="button"
            value="2"
          />
        </td>
        <td>
          <input
            className="btn"
            onClick={[Function]}
            type="button"
            value="3"
          />
        </td>
        <td>
          <input
            className="btn op"
            onClick={[Function]}
            type="button"
            value="+"
          />
        </td>
      </tr>
      <tr
        className="row"
      >
        <td
          className="zero"
        >
          <input
            className="btn"
            onClick={[Function]}
            type="button"
            value="0"
          />
        </td>
        <td>
          <input
            className="btn"
            onClick={[Function]}
            type="button"
            value="."
          />
        </td>
        <td>
          <input
            className="btn op"
            onClick={[Function]}
            type="button"
            value="="
          />
        </td>
      </tr>
    </tbody>
  </table>
</div>
`;

exports[`Calculator Builds the snapchot of the Header component safely 1`] = `
<header
  className="header"
>
  <h1>
    Math Magicians
  </h1>
  <nav>
    <ul
      className="navLinks"
    >
      <li>
        <a
          href="/MathMagicians/"
          onClick={[Function]}
        >
           Home | 
        </a>
      </li>
      <li>
        <a
          href="/MathMagicians/calculate"
          onClick={[Function]}
        >
          Calculator | 
        </a>
      </li>
      <li>
        <a
          href="/MathMagicians/quotes"
          onClick={[Function]}
        >
            Quotes 
        </a>
      </li>
    </ul>
  </nav>
</header>
`;

exports[`Calculator Builds the snapchot of the Quote component safely 1`] = `
<h3
  className="quoteText"
>
  Mathematices is not about numbers equtions or algorithms: it is about undertanding William Paoul Thurston
</h3>
`;

exports[`Calculator Builds the snapchot of the home component safely 1`] = `
Array [
  <h2
    className="homeTitle"
  >
    welcome to our page  !
  </h2>,
  <div
    className="homeBody"
  >
    <p>
      simply dummy text of the printing and typesetting industry. has been the industrys standard dummy text ever since the 1500s when an unknown printer took a galley of type and scrambled it to make a type specimen book.
    </p>
    <br />
    <p>
      It has survived not only five centuries, but also the leap into electronic typesetting, remaining essentially unchanged. It was popularised in the 1960s with the release of Letraset sheets containing Lorem Ipsum passages, and more recently with desktop publishing software like Aldus PageMaker including versions of Lorem Ipsum.
    </p>
  </div>,
]
`;

exports[`Calculator Matches DOM Snapshot 1`] = `
<div
  className="mainContainer"
>
  <h2>
    Let's do some math !
  </h2>
  <table>
    <tbody
      className="container"
    >
      <tr
        className="row"
      >
        <td>
          <div
            className="input-text"
            data-testid="input-cal-text"
          >
            0
          </div>
        </td>
      </tr>
      <tr
        className="row"
      >
        <td>
          <input
            className="btn"
            onClick={[Function]}
            type="button"
            value="AC"
          />
        </td>
        <td>
          <input
            className="btn"
            onClick={[Function]}
            type="button"
            value="+/-"
          />
        </td>
        <td>
          <input
            className="btn"
            onClick={[Function]}
            type="button"
            value="%"
          />
        </td>
        <td>
          <input
            className="btn op"
            onClick={[Function]}
            type="button"
            value="÷"
          />
        </td>
      </tr>
      <tr
        className="row"
      >
        <td>
          <input
            className="btn"
            onClick={[Function]}
            type="button"
            value="7"
          />
        </td>
        <td>
          <input
            className="btn"
            onClick={[Function]}
            type="button"
            value="8"
          />
        </td>
        <td>
          <input
            className="btn"
            onClick={[Function]}
            type="button"
            value="9"
          />
        </td>
        <td>
          <input
            className="btn op"
            onClick={[Function]}
            type="button"
            value="x"
          />
        </td>
      </tr>
      <tr
        className="row"
      >
        <td>
          <input
            className="btn"
            onClick={[Function]}
            type="button"
            value="4"
          />
        </td>
        <td>
          <input
            className="btn"
            onClick={[Function]}
            type="button"
            value="5"
          />
        </td>
        <td>
          <input
            className="btn"
            onClick={[Function]}
            type="button"
            value="6"
          />
        </td>
        <td>
          <input
            className="btn op"
            onClick={[Function]}
            type="button"
            value="-"
          />
        </td>
      </tr>
      <tr
        className="row"
      >
        <td>
          <input
            className="btn"
            onClick={[Function]}
            type="button"
            value="1"
          />
        </td>
        <td>
          <input
            className="btn"
            onClick={[Function]}
            type="button"
            value="2"
          />
        </td>
        <td>
          <input
            className="btn"
            onClick={[Function]}
            type="button"
            value="3"
          />
        </td>
        <td>
          <input
            className="btn op"
            onClick={[Function]}
            type="button"
            value="+"
          />
        </td>
      </tr>
      <tr
        className="row"
      >
        <td
          className="zero"
        >
          <input
            className="btn"
            onClick={[Function]}
            type="button"
            value="0"
          />
        </td>
        <td>
          <input
            className="btn"
            onClick={[Function]}
            type="button"
            value="."
          />
        </td>
        <td>
          <input
            className="btn op"
            onClick={[Function]}
            type="button"
            value="="
          />
        </td>
      </tr>
    </tbody>
  </table>
</div>
`;
